<?php

return [
    'service_manager' => [
        'aliases' => [
            'MyAlias' => 'MyOtherService',
        ],
        'factories' => [
            'MyOtherService', 'MyOtherFactory',
            'MyOtherService' => 'MyOtherFactory',
        ],
    ],
];
